// Jest Snapshot v1, https://goo.gl/fbAQLP

exports[`tests implementation 1`] = `
<div
  className="Root"
>
  <h1>
     Hello, World! 
  </h1>
</div>
`;
